../Drivers/CMSIS/Include/core_cm4.h:2064:26:ITM_SendChar	16	static,ignoring_inline_asm
../Core/Src/main.c:205:5:_write	32	static
../Core/Src/main.c:216:5:bufsize	24	static
../Core/Src/main.c:224:6:bufclear	16	static
../Core/Src/main.c:230:6:SDbufclear	16	static
../Core/Src/main.c:241:6:HAL_ADC_ConvHalfCpltCallback	16	static
../Core/Src/main.c:250:6:HAL_ADC_ConvCpltCallback	16	static
../Core/Src/main.c:264:6:writeSD	16	static
../Core/Src/main.c:284:6:processData	104	static
../Core/Src/main.c:465:6:saveBufferFile	32	static
../Core/Src/main.c:488:6:overwriteBufferFile	4	static
../Core/Src/main.c:506:6:setupBufferFile	16	static
../Core/Src/main.c:547:5:main	32	static
../Core/Src/main.c:719:6:SystemClock_Config	88	static
../Core/Src/main.c:776:13:MX_ADC1_Init	24	static
../Core/Src/main.c:855:13:MX_RTC_Init	32	static
../Core/Src/main.c:918:13:MX_SDIO_SD_Init	4	static
../Core/Src/main.c:946:13:MX_USART2_UART_Init	8	static
../Core/Src/main.c:977:13:MX_DMA_Init	16	static
../Core/Src/main.c:995:13:MX_GPIO_Init	48	static
../Core/Src/main.c:1038:6:Error_Handler	4	static,ignoring_inline_asm
